experiment_profile=02_diskann_payload_fair
suite=02_diskann_fair
dataset=dbpedia
method=Ours
status=done
has_real_metrics=true
metric=L2
base_count=990000
query_count=9000
dimension=1536
groundtruth_k=100
graph_type=DiskANN3/Vamana
graph_build_distance=ExRaBitQ4_symmetric
search_distance=Float32_to_ExRaBitQ4_plus_residual4_block16
graph_build_builder=native_vamana_bulk_grouped_refine
graph_refine_passes=2
framework=diskann3_provider_search_prune
provider=OursExRaBitQ4
paper_prune=active
paper_epsilon0=1.9
rerank_candidates=100
residual_bits=4
residual_block_size=16
residual_scale_mode=mse
residual_scale_storage=fp16
legacy_hnswlib_runtime=0
max_degree=64
build_beam=400
M=64
ef=400
efConstruction=400
search_param_name=efSearch
efSearch_values=10,11,12,13,14,15,16,17,18,19,20,21,22,23,24,25,26,27,28,29,30,40,50,60,70,80,90,100,140,180,220,260,300,340,380,420,460
alpha=1.2
legacy_equivalent=M64_ef400
search_beam_width=1
threads=64
build_threads=64
repeats=1
seed=20260813
accuracy_metrics=mean_relative_error,p95_relative_error,mean_absolute_error,top10_overlap,pairwise_flip_rate_top10
nominal_bits_per_dim=4
actual_bytes_per_vector=2329.000000
code_bytes_per_vector=1041.000000
metadata_bytes_per_vector=1288.000000
fp32_base_bytes=0
codebook_bytes=
base_path=data/dbpedia/dbpedia_base.fvecs
query_path=/home/kai3/coco/quantized_hnsw/results/dbpedia/csv/03_system_fair/_query_splits/test_query.fvecs
gt_path=/home/kai3/coco/quantized_hnsw/results/dbpedia/csv/03_system_fair/_query_splits/test_gt.ivecs
payload_path=results/dbpedia/indexes/02_diskann_fair/Ours/Ours_bpd4_payload.bin
payload_json_path=results/dbpedia/indexes/02_diskann_fair/Ours/Ours_bpd4_payload.json
note=Ours ExRaBitQ4 block16 provider. Graph build and search run through DiskANN3 in-memory provider/prune storage. Encode, ExRaBitQ4 symmetric build distance, paper-prune active Float32-to-ExRaBitQ4 query traversal, and residual4 block16 mse/fp16 rerank call the existing RaBitQSpace kernels through a native bridge. Graph construction uses ExRaBitQ4 symmetric distance on 4-bit payloads; the index stores no fp32 base vectors (fp32_base_bytes=0), unlike fp32-graph baselines.
build_stage=train_center us=81850 status=done
build_stage=payload_encode us=14255686 count=990000 status=done
build_stage=payload_import us=0 status=in_memory_provider
build_stage=graph_build us=563839246 status=done
build_total_us=578101507 status=done
Graph construction time: 563.839246 seconds status=done
Build time: 578.101507 seconds status=done
Index storage size: 2834.98 MB (index=1559.85 MB, auxiliary=0.01 MB, residual=1275.12 MB, fp32_base=0.00 MB, total_bytes=2834982292) status=computed
storage_breakdown index_bytes=1559850004 auxiliary_bytes=12288 residual_bytes=1275120000 fp32_base_bytes=0 total_bytes=2834982292
Peak RSS: 11512.277344 MB status=measured
search_list_size recall latency_mean_us qps latency_p95_us visited_nodes distance_computations mean_relative_error p95_relative_error mean_absolute_error top10_overlap pairwise_flip_rate_top10 payload_bytes_read avg_bits_read refine_calls paper_checked paper_would_prune paper_msb_kernel_calls paper_remaining_kernel_calls ffi_calls_per_query status
10 0.886622 691.339094 us search_list_size=10 efSearch=10 search_beam_width=1 total_us_per_query=691.339094 qps=1344.498992 p95_us=935.123000 visited_nodes=870.965222 distance_computations=182.260667 mean_relative_error=0.000447 p95_relative_error=0.001177 mean_absolute_error=0.000107 top10_overlap=0.886622 pairwise_flip_rate_top10=0.003022 payload_bytes_read=NaN avg_bits_read=NaN refine_calls=0 paper_checked=860.965222 paper_would_prune=688.704556 paper_msb_kernel_calls=869.965222 paper_remaining_kernel_calls=182.260667 ffi_calls_per_query=33.773111 status=done
11 0.906367 638.875440 us search_list_size=11 efSearch=11 search_beam_width=1 total_us_per_query=638.875440 qps=1494.851116 p95_us=843.664000 visited_nodes=910.234667 distance_computations=193.960778 mean_relative_error=0.000448 p95_relative_error=0.001179 mean_absolute_error=0.000107 top10_overlap=0.906367 pairwise_flip_rate_top10=0.003153 payload_bytes_read=NaN avg_bits_read=NaN refine_calls=0 paper_checked=899.234667 paper_would_prune=716.273889 paper_msb_kernel_calls=909.234667 paper_remaining_kernel_calls=193.960778 ffi_calls_per_query=35.325333 status=done
12 0.916767 633.553515 us search_list_size=12 efSearch=12 search_beam_width=1 total_us_per_query=633.553515 qps=1506.950292 p95_us=824.250000 visited_nodes=948.583222 distance_computations=205.095889 mean_relative_error=0.000448 p95_relative_error=0.001179 mean_absolute_error=0.000107 top10_overlap=0.916767 pairwise_flip_rate_top10=0.003220 payload_bytes_read=NaN avg_bits_read=NaN refine_calls=0 paper_checked=936.583222 paper_would_prune=743.487333 paper_msb_kernel_calls=947.583222 paper_remaining_kernel_calls=205.095889 ffi_calls_per_query=36.856000 status=done
13 0.924344 664.045131 us search_list_size=13 efSearch=13 search_beam_width=1 total_us_per_query=664.045131 qps=1440.825251 p95_us=862.333000 visited_nodes=986.254111 distance_computations=215.849111 mean_relative_error=0.000448 p95_relative_error=0.001180 mean_absolute_error=0.000107 top10_overlap=0.924344 pairwise_flip_rate_top10=0.003230 payload_bytes_read=NaN avg_bits_read=NaN refine_calls=0 paper_checked=973.254111 paper_would_prune=770.405000 paper_msb_kernel_calls=985.254111 paper_remaining_kernel_calls=215.849111 ffi_calls_per_query=38.379556 status=done
14 0.930044 700.522994 us search_list_size=14 efSearch=14 search_beam_width=1 total_us_per_query=700.522994 qps=1369.243796 p95_us=907.300000 visited_nodes=1023.053444 distance_computations=226.267667 mean_relative_error=0.000449 p95_relative_error=0.001180 mean_absolute_error=0.000107 top10_overlap=0.930044 pairwise_flip_rate_top10=0.003277 payload_bytes_read=NaN avg_bits_read=NaN refine_calls=0 paper_checked=1009.053444 paper_would_prune=796.785778 paper_msb_kernel_calls=1022.053444 paper_remaining_kernel_calls=226.267667 ffi_calls_per_query=39.894556 status=done
15 0.934578 740.391513 us search_list_size=15 efSearch=15 search_beam_width=1 total_us_per_query=740.391513 qps=1298.863498 p95_us=957.758000 visited_nodes=1059.693667 distance_computations=236.304667 mean_relative_error=0.000449 p95_relative_error=0.001180 mean_absolute_error=0.000107 top10_overlap=0.934578 pairwise_flip_rate_top10=0.003254 payload_bytes_read=NaN avg_bits_read=NaN refine_calls=0 paper_checked=1044.693667 paper_would_prune=823.389000 paper_msb_kernel_calls=1058.693667 paper_remaining_kernel_calls=236.304667 ffi_calls_per_query=41.415556 status=done
16 0.938711 825.770224 us search_list_size=16 efSearch=16 search_beam_width=1 total_us_per_query=825.770224 qps=1168.769264 p95_us=1055.756000 visited_nodes=1096.051778 distance_computations=246.003444 mean_relative_error=0.000449 p95_relative_error=0.001180 mean_absolute_error=0.000107 top10_overlap=0.938711 pairwise_flip_rate_top10=0.003240 payload_bytes_read=NaN avg_bits_read=NaN refine_calls=0 paper_checked=1080.051778 paper_would_prune=850.048333 paper_msb_kernel_calls=1095.051778 paper_remaining_kernel_calls=246.003444 ffi_calls_per_query=42.910556 status=done
17 0.942767 853.321593 us search_list_size=17 efSearch=17 search_beam_width=1 total_us_per_query=853.321593 qps=1132.819226 p95_us=1087.194000 visited_nodes=1132.646222 distance_computations=255.468333 mean_relative_error=0.000449 p95_relative_error=0.001180 mean_absolute_error=0.000107 top10_overlap=0.942767 pairwise_flip_rate_top10=0.003227 payload_bytes_read=NaN avg_bits_read=NaN refine_calls=0 paper_checked=1115.646222 paper_would_prune=877.177889 paper_msb_kernel_calls=1131.646222 paper_remaining_kernel_calls=255.468333 ffi_calls_per_query=44.439556 status=done
18 0.946578 882.450348 us search_list_size=18 efSearch=18 search_beam_width=1 total_us_per_query=882.450348 qps=1096.103761 p95_us=1122.577000 visited_nodes=1169.141111 distance_computations=264.699222 mean_relative_error=0.000449 p95_relative_error=0.001181 mean_absolute_error=0.000107 top10_overlap=0.946578 pairwise_flip_rate_top10=0.003210 payload_bytes_read=NaN avg_bits_read=NaN refine_calls=0 paper_checked=1151.141111 paper_would_prune=904.441889 paper_msb_kernel_calls=1168.141111 paper_remaining_kernel_calls=264.699222 ffi_calls_per_query=45.974889 status=done
19 0.949811 848.625623 us search_list_size=19 efSearch=19 search_beam_width=1 total_us_per_query=848.625623 qps=1138.852036 p95_us=1121.809000 visited_nodes=1205.261444 distance_computations=273.593333 mean_relative_error=0.000449 p95_relative_error=0.001181 mean_absolute_error=0.000107 top10_overlap=0.949811 pairwise_flip_rate_top10=0.003212 payload_bytes_read=NaN avg_bits_read=NaN refine_calls=0 paper_checked=1186.261444 paper_would_prune=931.668111 paper_msb_kernel_calls=1204.261444 paper_remaining_kernel_calls=273.593333 ffi_calls_per_query=47.487000 status=done
20 0.952333 836.900255 us search_list_size=20 efSearch=20 search_beam_width=1 total_us_per_query=836.900255 qps=1153.846363 p95_us=1118.872000 visited_nodes=1240.589111 distance_computations=282.316000 mean_relative_error=0.000449 p95_relative_error=0.001181 mean_absolute_error=0.000107 top10_overlap=0.952333 pairwise_flip_rate_top10=0.003225 payload_bytes_read=NaN avg_bits_read=NaN refine_calls=0 paper_checked=1220.589111 paper_would_prune=958.273111 paper_msb_kernel_calls=1239.589111 paper_remaining_kernel_calls=282.316000 ffi_calls_per_query=48.994778 status=done
21 0.954800 807.395594 us search_list_size=21 efSearch=21 search_beam_width=1 total_us_per_query=807.395594 qps=1194.941705 p95_us=1046.420000 visited_nodes=1276.356889 distance_computations=290.851000 mean_relative_error=0.000449 p95_relative_error=0.001181 mean_absolute_error=0.000107 top10_overlap=0.954800 pairwise_flip_rate_top10=0.003207 payload_bytes_read=NaN avg_bits_read=NaN refine_calls=0 paper_checked=1255.356889 paper_would_prune=985.505889 paper_msb_kernel_calls=1275.356889 paper_remaining_kernel_calls=290.851000 ffi_calls_per_query=50.511778 status=done
22 0.956811 851.675351 us search_list_size=22 efSearch=22 search_beam_width=1 total_us_per_query=851.675351 qps=1132.048126 p95_us=1089.801000 visited_nodes=1311.157444 distance_computations=299.154778 mean_relative_error=0.000449 p95_relative_error=0.001181 mean_absolute_error=0.000107 top10_overlap=0.956811 pairwise_flip_rate_top10=0.003212 payload_bytes_read=NaN avg_bits_read=NaN refine_calls=0 paper_checked=1289.157444 paper_would_prune=1012.002667 paper_msb_kernel_calls=1310.157444 paper_remaining_kernel_calls=299.154778 ffi_calls_per_query=52.019222 status=done
23 0.959167 845.785334 us search_list_size=23 efSearch=23 search_beam_width=1 total_us_per_query=845.785334 qps=1136.003781 p95_us=1063.368000 visited_nodes=1346.701000 distance_computations=307.252444 mean_relative_error=0.000449 p95_relative_error=0.001181 mean_absolute_error=0.000107 top10_overlap=0.959167 pairwise_flip_rate_top10=0.003207 payload_bytes_read=NaN avg_bits_read=NaN refine_calls=0 paper_checked=1323.701000 paper_would_prune=1039.448556 paper_msb_kernel_calls=1345.701000 paper_remaining_kernel_calls=307.252444 ffi_calls_per_query=53.550556 status=done
24 0.961067 864.723975 us search_list_size=24 efSearch=24 search_beam_width=1 total_us_per_query=864.723975 qps=1112.875393 p95_us=1085.531000 visited_nodes=1381.700222 distance_computations=315.098444 mean_relative_error=0.000449 p95_relative_error=0.001181 mean_absolute_error=0.000107 top10_overlap=0.961067 pairwise_flip_rate_top10=0.003198 payload_bytes_read=NaN avg_bits_read=NaN refine_calls=0 paper_checked=1357.700222 paper_would_prune=1066.601778 paper_msb_kernel_calls=1380.700222 paper_remaining_kernel_calls=315.098444 ffi_calls_per_query=55.063889 status=done
25 0.962711 821.110492 us search_list_size=25 efSearch=25 search_beam_width=1 total_us_per_query=821.110492 qps=1169.943459 p95_us=1042.756000 visited_nodes=1416.019000 distance_computations=322.862778 mean_relative_error=0.000449 p95_relative_error=0.001181 mean_absolute_error=0.000107 top10_overlap=0.962711 pairwise_flip_rate_top10=0.003207 payload_bytes_read=NaN avg_bits_read=NaN refine_calls=0 paper_checked=1391.019000 paper_would_prune=1093.156222 paper_msb_kernel_calls=1415.019000 paper_remaining_kernel_calls=322.862778 ffi_calls_per_query=56.579333 status=done
26 0.964267 816.043467 us search_list_size=26 efSearch=26 search_beam_width=1 total_us_per_query=816.043467 qps=1176.802956 p95_us=1021.739000 visited_nodes=1450.300889 distance_computations=330.439556 mean_relative_error=0.000450 p95_relative_error=0.001181 mean_absolute_error=0.000107 top10_overlap=0.964267 pairwise_flip_rate_top10=0.003210 payload_bytes_read=NaN avg_bits_read=NaN refine_calls=0 paper_checked=1424.300889 paper_would_prune=1119.861333 paper_msb_kernel_calls=1449.300889 paper_remaining_kernel_calls=330.439556 ffi_calls_per_query=58.096889 status=done
27 0.965756 863.008998 us search_list_size=27 efSearch=27 search_beam_width=1 total_us_per_query=863.008998 qps=1115.641694 p95_us=1093.615000 visited_nodes=1484.384667 distance_computations=337.880000 mean_relative_error=0.000450 p95_relative_error=0.001181 mean_absolute_error=0.000107 top10_overlap=0.965756 pairwise_flip_rate_top10=0.003215 payload_bytes_read=NaN avg_bits_read=NaN refine_calls=0 paper_checked=1457.384667 paper_would_prune=1146.504667 paper_msb_kernel_calls=1483.384667 paper_remaining_kernel_calls=337.880000 ffi_calls_per_query=59.612444 status=done
28 0.967333 1037.030050 us search_list_size=28 efSearch=28 search_beam_width=1 total_us_per_query=1037.030050 qps=936.298661 p95_us=1447.687000 visited_nodes=1518.754667 distance_computations=345.246667 mean_relative_error=0.000450 p95_relative_error=0.001181 mean_absolute_error=0.000107 top10_overlap=0.967333 pairwise_flip_rate_top10=0.003225 payload_bytes_read=NaN avg_bits_read=NaN refine_calls=0 paper_checked=1490.754667 paper_would_prune=1173.508000 paper_msb_kernel_calls=1517.754667 paper_remaining_kernel_calls=345.246667 ffi_calls_per_query=61.147222 status=done
29 0.968300 1357.552082 us search_list_size=29 efSearch=29 search_beam_width=1 total_us_per_query=1357.552082 qps=720.248590 p95_us=1726.829000 visited_nodes=1552.404667 distance_computations=352.445111 mean_relative_error=0.000450 p95_relative_error=0.001181 mean_absolute_error=0.000107 top10_overlap=0.968300 pairwise_flip_rate_top10=0.003215 payload_bytes_read=NaN avg_bits_read=NaN refine_calls=0 paper_checked=1523.404667 paper_would_prune=1199.959556 paper_msb_kernel_calls=1551.404667 paper_remaining_kernel_calls=352.445111 ffi_calls_per_query=62.653778 status=done
30 0.969511 1400.671380 us search_list_size=30 efSearch=30 search_beam_width=1 total_us_per_query=1400.671380 qps=697.816928 p95_us=1777.144000 visited_nodes=1586.054333 distance_computations=359.461778 mean_relative_error=0.000450 p95_relative_error=0.001182 mean_absolute_error=0.000107 top10_overlap=0.969511 pairwise_flip_rate_top10=0.003200 payload_bytes_read=NaN avg_bits_read=NaN refine_calls=0 paper_checked=1556.054333 paper_would_prune=1226.592556 paper_msb_kernel_calls=1585.054333 paper_remaining_kernel_calls=359.461778 ffi_calls_per_query=64.169444 status=done
40 0.977756 1692.445758 us search_list_size=40 efSearch=40 search_beam_width=1 total_us_per_query=1692.445758 qps=579.701245 p95_us=2140.895000 visited_nodes=1914.769111 distance_computations=424.201556 mean_relative_error=0.000450 p95_relative_error=0.001182 mean_absolute_error=0.000107 top10_overlap=0.977756 pairwise_flip_rate_top10=0.003165 payload_bytes_read=NaN avg_bits_read=NaN refine_calls=0 paper_checked=1874.769111 paper_would_prune=1490.567556 paper_msb_kernel_calls=1913.769111 paper_remaining_kernel_calls=424.201556 ffi_calls_per_query=79.323111 status=done
50 0.982767 1956.419426 us search_list_size=50 efSearch=50 search_beam_width=1 total_us_per_query=1956.419426 qps=502.790590 p95_us=2479.867000 visited_nodes=2230.360333 distance_computations=480.762667 mean_relative_error=0.000450 p95_relative_error=0.001182 mean_absolute_error=0.000107 top10_overlap=0.982767 pairwise_flip_rate_top10=0.003178 payload_bytes_read=NaN avg_bits_read=NaN refine_calls=0 paper_checked=2180.360333 paper_would_prune=1749.597667 paper_msb_kernel_calls=2229.360333 paper_remaining_kernel_calls=480.762667 ffi_calls_per_query=94.451889 status=done
60 0.985533 2216.574414 us search_list_size=60 efSearch=60 search_beam_width=1 total_us_per_query=2216.574414 qps=444.415163 p95_us=2819.863000 visited_nodes=2536.503889 distance_computations=532.194111 mean_relative_error=0.000450 p95_relative_error=0.001182 mean_absolute_error=0.000107 top10_overlap=0.985533 pairwise_flip_rate_top10=0.003185 payload_bytes_read=NaN avg_bits_read=NaN refine_calls=0 paper_checked=2476.503889 paper_would_prune=2004.309778 paper_msb_kernel_calls=2535.503889 paper_remaining_kernel_calls=532.194111 ffi_calls_per_query=109.596556 status=done
70 0.987422 2473.346440 us search_list_size=70 efSearch=70 search_beam_width=1 total_us_per_query=2473.346440 qps=398.950501 p95_us=3168.855000 visited_nodes=2834.320111 distance_computations=579.107222 mean_relative_error=0.000450 p95_relative_error=0.001182 mean_absolute_error=0.000107 top10_overlap=0.987422 pairwise_flip_rate_top10=0.003180 payload_bytes_read=NaN avg_bits_read=NaN refine_calls=0 paper_checked=2764.320111 paper_would_prune=2255.212889 paper_msb_kernel_calls=2833.320111 paper_remaining_kernel_calls=579.107222 ffi_calls_per_query=124.728667 status=done
80 0.989011 2708.969882 us search_list_size=80 efSearch=80 search_beam_width=1 total_us_per_query=2708.969882 qps=364.850461 p95_us=3498.144000 visited_nodes=3125.662889 distance_computations=623.430333 mean_relative_error=0.000450 p95_relative_error=0.001182 mean_absolute_error=0.000107 top10_overlap=0.989011 pairwise_flip_rate_top10=0.003168 payload_bytes_read=NaN avg_bits_read=NaN refine_calls=0 paper_checked=3045.662889 paper_would_prune=2502.232556 paper_msb_kernel_calls=3124.662889 paper_remaining_kernel_calls=623.430333 ffi_calls_per_query=139.840778 status=done
90 0.990144 3117.096327 us search_list_size=90 efSearch=90 search_beam_width=1 total_us_per_query=3117.096327 qps=317.883178 p95_us=4065.853000 visited_nodes=3410.655667 distance_computations=665.703111 mean_relative_error=0.000451 p95_relative_error=0.001182 mean_absolute_error=0.000107 top10_overlap=0.990144 pairwise_flip_rate_top10=0.003165 payload_bytes_read=NaN avg_bits_read=NaN refine_calls=0 paper_checked=3320.655667 paper_would_prune=2744.952556 paper_msb_kernel_calls=3409.655667 paper_remaining_kernel_calls=665.703111 ffi_calls_per_query=154.958000 status=done
100 0.990989 3216.751522 us search_list_size=100 efSearch=100 search_beam_width=1 total_us_per_query=3216.751522 qps=308.354297 p95_us=4201.573000 visited_nodes=3688.987222 distance_computations=706.276000 mean_relative_error=0.000451 p95_relative_error=0.001182 mean_absolute_error=0.000107 top10_overlap=0.990989 pairwise_flip_rate_top10=0.003168 payload_bytes_read=NaN avg_bits_read=NaN refine_calls=0 paper_checked=3588.987222 paper_would_prune=2982.711222 paper_msb_kernel_calls=3687.987222 paper_remaining_kernel_calls=706.276000 ffi_calls_per_query=170.042222 status=done
140 0.992944 4179.293980 us search_list_size=140 efSearch=140 search_beam_width=1 total_us_per_query=4179.293980 qps=237.795667 p95_us=5588.248000 visited_nodes=4758.942111 distance_computations=857.513444 mean_relative_error=0.000451 p95_relative_error=0.001182 mean_absolute_error=0.000107 top10_overlap=0.992944 pairwise_flip_rate_top10=0.003183 payload_bytes_read=NaN avg_bits_read=NaN refine_calls=0 paper_checked=4618.942111 paper_would_prune=3901.428667 paper_msb_kernel_calls=4757.942111 paper_remaining_kernel_calls=857.513444 ffi_calls_per_query=230.112333 status=done
180 0.993722 4682.008968 us search_list_size=180 efSearch=180 search_beam_width=1 total_us_per_query=4682.008968 qps=212.406197 p95_us=6338.869000 visited_nodes=5771.864667 distance_computations=998.661000 mean_relative_error=0.000451 p95_relative_error=0.001182 mean_absolute_error=0.000107 top10_overlap=0.993722 pairwise_flip_rate_top10=0.003168 payload_bytes_read=NaN avg_bits_read=NaN refine_calls=0 paper_checked=5591.864667 paper_would_prune=4773.203667 paper_msb_kernel_calls=5770.864667 paper_remaining_kernel_calls=998.661000 ffi_calls_per_query=289.783444 status=done
220 0.994300 5314.754657 us search_list_size=220 efSearch=220 search_beam_width=1 total_us_per_query=5314.754657 qps=187.195288 p95_us=7716.899000 visited_nodes=6740.926333 distance_computations=1134.702889 mean_relative_error=0.000451 p95_relative_error=0.001182 mean_absolute_error=0.000107 top10_overlap=0.994300 pairwise_flip_rate_top10=0.003168 payload_bytes_read=NaN avg_bits_read=NaN refine_calls=0 paper_checked=6520.926333 paper_would_prune=5606.223444 paper_msb_kernel_calls=6739.926333 paper_remaining_kernel_calls=1134.702889 ffi_calls_per_query=349.115778 status=done
260 0.994700 4440.225939 us search_list_size=260 efSearch=260 search_beam_width=1 total_us_per_query=4440.225939 qps=223.616330 p95_us=6144.067000 visited_nodes=7676.747000 distance_computations=1267.332222 mean_relative_error=0.000451 p95_relative_error=0.001182 mean_absolute_error=0.000107 top10_overlap=0.994700 pairwise_flip_rate_top10=0.003163 payload_bytes_read=NaN avg_bits_read=NaN refine_calls=0 paper_checked=7416.747000 paper_would_prune=6409.414778 paper_msb_kernel_calls=7675.747000 paper_remaining_kernel_calls=1267.332222 ffi_calls_per_query=408.138000 status=done
300 0.995044 4694.645876 us search_list_size=300 efSearch=300 search_beam_width=1 total_us_per_query=4694.645876 qps=210.879830 p95_us=6482.467000 visited_nodes=8584.633556 distance_computations=1397.640333 mean_relative_error=0.000451 p95_relative_error=0.001183 mean_absolute_error=0.000107 top10_overlap=0.995044 pairwise_flip_rate_top10=0.003165 payload_bytes_read=NaN avg_bits_read=NaN refine_calls=0 paper_checked=8284.633556 paper_would_prune=7186.993222 paper_msb_kernel_calls=8583.633556 paper_remaining_kernel_calls=1397.640333 ffi_calls_per_query=466.972111 status=done
340 0.995300 5519.118273 us search_list_size=340 efSearch=340 search_beam_width=1 total_us_per_query=5519.118273 qps=180.036278 p95_us=7995.933000 visited_nodes=9469.562667 distance_computations=1526.661667 mean_relative_error=0.000451 p95_relative_error=0.001183 mean_absolute_error=0.000107 top10_overlap=0.995300 pairwise_flip_rate_top10=0.003163 payload_bytes_read=NaN avg_bits_read=NaN refine_calls=0 paper_checked=9129.562667 paper_would_prune=7942.901000 paper_msb_kernel_calls=9468.562667 paper_remaining_kernel_calls=1526.661667 ffi_calls_per_query=525.693556 status=done
380 0.995444 8127.181967 us search_list_size=380 efSearch=380 search_beam_width=1 total_us_per_query=8127.181967 qps=122.453563 p95_us=11441.813000 visited_nodes=10334.054889 distance_computations=1654.464222 mean_relative_error=0.000451 p95_relative_error=0.001183 mean_absolute_error=0.000107 top10_overlap=0.995444 pairwise_flip_rate_top10=0.003160 payload_bytes_read=NaN avg_bits_read=NaN refine_calls=0 paper_checked=9954.054889 paper_would_prune=8679.590667 paper_msb_kernel_calls=10333.054889 paper_remaining_kernel_calls=1654.464222 ffi_calls_per_query=584.294778 status=done
420 0.995567 7317.877929 us search_list_size=420 efSearch=420 search_beam_width=1 total_us_per_query=7317.877929 qps=135.792987 p95_us=11406.623000 visited_nodes=11180.448333 distance_computations=1781.142111 mean_relative_error=0.000451 p95_relative_error=0.001183 mean_absolute_error=0.000107 top10_overlap=0.995567 pairwise_flip_rate_top10=0.003160 payload_bytes_read=NaN avg_bits_read=NaN refine_calls=0 paper_checked=10760.448333 paper_would_prune=9399.306222 paper_msb_kernel_calls=11179.448333 paper_remaining_kernel_calls=1781.142111 ffi_calls_per_query=642.771556 status=done
460 0.995689 6711.165837 us search_list_size=460 efSearch=460 search_beam_width=1 total_us_per_query=6711.165837 qps=148.351742 p95_us=9467.832000 visited_nodes=12010.923556 distance_computations=1906.858444 mean_relative_error=0.000451 p95_relative_error=0.001183 mean_absolute_error=0.000107 top10_overlap=0.995689 pairwise_flip_rate_top10=0.003158 payload_bytes_read=NaN avg_bits_read=NaN refine_calls=0 paper_checked=11550.923556 paper_would_prune=10104.065111 paper_msb_kernel_calls=12009.923556 paper_remaining_kernel_calls=1906.858444 ffi_calls_per_query=701.202111 status=done
