experiment_profile=02_diskann_payload_fair
suite=02_diskann_fair
dataset=dbpedia
method=Ours
status=done
has_real_metrics=true
metric=L2
base_count=990000
query_count=9000
dimension=1536
groundtruth_k=100
graph_type=DiskANN3/Vamana
graph_build_distance=ExRaBitQ4_symmetric
search_distance=Float32_to_ExRaBitQ4_plus_residual4_block16
graph_build_builder=native_vamana_bulk_grouped_refine
graph_refine_passes=2
framework=diskann3_provider_search_prune
provider=OursExRaBitQ4
paper_prune=active
paper_epsilon0=1.9
rerank_candidates=100
residual_bits=4
residual_block_size=16
residual_scale_mode=mse
residual_scale_storage=fp16
legacy_hnswlib_runtime=0
max_degree=32
build_beam=400
M=32
ef=400
efConstruction=400
search_param_name=efSearch
efSearch_values=10,11,12,13,14,15,16,17,18,19,20,21,22,23,24,25,26,27,28,29,30,40,50,60,70,80,90,100,140,180,220,260,300,340,380,420,460
alpha=1.2
legacy_equivalent=M32_ef400
search_beam_width=1
threads=64
build_threads=64
repeats=1
seed=20260813
accuracy_metrics=mean_relative_error,p95_relative_error,mean_absolute_error,top10_overlap,pairwise_flip_rate_top10
nominal_bits_per_dim=4
actual_bytes_per_vector=2329.000000
code_bytes_per_vector=1041.000000
metadata_bytes_per_vector=1288.000000
fp32_base_bytes=0
codebook_bytes=
base_path=data/dbpedia/dbpedia_base.fvecs
query_path=results/dbpedia/csv/03_system_fair/_query_splits/test_query.fvecs
gt_path=results/dbpedia/csv/03_system_fair/_query_splits/test_gt.ivecs
payload_path=results/dbpedia/indexes/02_diskann_fair/Ours/Ours_bpd4_payload.bin
payload_json_path=results/dbpedia/indexes/02_diskann_fair/Ours/Ours_bpd4_payload.json
note=Ours ExRaBitQ4 block16 provider. Graph build and search run through DiskANN3 in-memory provider/prune storage. Encode, ExRaBitQ4 symmetric build distance, paper-prune active Float32-to-ExRaBitQ4 query traversal, and residual4 block16 mse/fp16 rerank call the existing RaBitQSpace kernels through a native bridge. Graph construction uses ExRaBitQ4 symmetric distance on 4-bit payloads; the index stores no fp32 base vectors (fp32_base_bytes=0), unlike fp32-graph baselines.
build_stage=train_center us=81252 status=done
build_stage=payload_encode us=16129737 count=990000 status=done
build_stage=payload_import us=0 status=in_memory_provider
build_stage=graph_build us=317128644 status=done
build_total_us=333264557 status=done
Graph construction time: 317.128644 seconds status=done
Build time: 333.264557 seconds status=done
Index storage size: 2709.52 MB (index=1434.39 MB, auxiliary=0.01 MB, residual=1275.12 MB, fp32_base=0.00 MB, total_bytes=2709524160) status=computed
storage_breakdown index_bytes=1434391872 auxiliary_bytes=12288 residual_bytes=1275120000 fp32_base_bytes=0 total_bytes=2709524160
Peak RSS: 14418.082031 MB status=measured
search_list_size recall latency_mean_us qps latency_p95_us visited_nodes distance_computations mean_relative_error p95_relative_error mean_absolute_error top10_overlap pairwise_flip_rate_top10 payload_bytes_read avg_bits_read refine_calls paper_checked paper_would_prune paper_msb_kernel_calls paper_remaining_kernel_calls ffi_calls_per_query status
10 0.805400 450.691070 us search_list_size=10 efSearch=10 search_beam_width=1 total_us_per_query=450.691070 qps=1998.440154 p95_us=706.192000 visited_nodes=551.900444 distance_computations=161.438444 mean_relative_error=0.000442 p95_relative_error=0.001166 mean_absolute_error=0.000107 top10_overlap=0.805400 pairwise_flip_rate_top10=0.002923 payload_bytes_read=NaN avg_bits_read=NaN refine_calls=0 paper_checked=541.900444 paper_would_prune=390.462000 paper_msb_kernel_calls=550.900444 paper_remaining_kernel_calls=161.438444 ffi_calls_per_query=40.175556 status=done
11 0.826400 366.900694 us search_list_size=11 efSearch=11 search_beam_width=1 total_us_per_query=366.900694 qps=2537.384615 p95_us=489.380000 visited_nodes=575.228333 distance_computations=171.174000 mean_relative_error=0.000443 p95_relative_error=0.001170 mean_absolute_error=0.000107 top10_overlap=0.826400 pairwise_flip_rate_top10=0.003067 payload_bytes_read=NaN avg_bits_read=NaN refine_calls=0 paper_checked=564.228333 paper_would_prune=404.054333 paper_msb_kernel_calls=574.228333 paper_remaining_kernel_calls=171.174000 ffi_calls_per_query=41.857667 status=done
12 0.840122 379.249237 us search_list_size=12 efSearch=12 search_beam_width=1 total_us_per_query=379.249237 qps=2463.313881 p95_us=505.111000 visited_nodes=598.287778 distance_computations=180.542889 mean_relative_error=0.000444 p95_relative_error=0.001171 mean_absolute_error=0.000107 top10_overlap=0.840122 pairwise_flip_rate_top10=0.003126 payload_bytes_read=NaN avg_bits_read=NaN refine_calls=0 paper_checked=586.287778 paper_would_prune=417.744889 paper_msb_kernel_calls=597.287778 paper_remaining_kernel_calls=180.542889 ffi_calls_per_query=43.534778 status=done
13 0.852300 394.717668 us search_list_size=13 efSearch=13 search_beam_width=1 total_us_per_query=394.717668 qps=2373.402114 p95_us=521.826000 visited_nodes=621.535222 distance_computations=189.535444 mean_relative_error=0.000444 p95_relative_error=0.001172 mean_absolute_error=0.000107 top10_overlap=0.852300 pairwise_flip_rate_top10=0.003123 payload_bytes_read=NaN avg_bits_read=NaN refine_calls=0 paper_checked=608.535222 paper_would_prune=431.999778 paper_msb_kernel_calls=620.535222 paper_remaining_kernel_calls=189.535444 ffi_calls_per_query=45.233000 status=done
14 0.862078 415.323397 us search_list_size=14 efSearch=14 search_beam_width=1 total_us_per_query=415.323397 qps=2263.072645 p95_us=549.917000 visited_nodes=644.120333 distance_computations=198.154778 mean_relative_error=0.000445 p95_relative_error=0.001173 mean_absolute_error=0.000107 top10_overlap=0.862078 pairwise_flip_rate_top10=0.003165 payload_bytes_read=NaN avg_bits_read=NaN refine_calls=0 paper_checked=630.120333 paper_would_prune=445.965556 paper_msb_kernel_calls=643.120333 paper_remaining_kernel_calls=198.154778 ffi_calls_per_query=46.900000 status=done
15 0.871178 420.785389 us search_list_size=15 efSearch=15 search_beam_width=1 total_us_per_query=420.785389 qps=2235.745704 p95_us=552.945000 visited_nodes=666.520667 distance_computations=206.534444 mean_relative_error=0.000445 p95_relative_error=0.001174 mean_absolute_error=0.000107 top10_overlap=0.871178 pairwise_flip_rate_top10=0.003153 payload_bytes_read=NaN avg_bits_read=NaN refine_calls=0 paper_checked=651.520667 paper_would_prune=459.986222 paper_msb_kernel_calls=665.520667 paper_remaining_kernel_calls=206.534444 ffi_calls_per_query=48.558667 status=done
16 0.878400 434.533432 us search_list_size=16 efSearch=16 search_beam_width=1 total_us_per_query=434.533432 qps=2169.729315 p95_us=569.676000 visited_nodes=688.395889 distance_computations=214.633333 mean_relative_error=0.000445 p95_relative_error=0.001175 mean_absolute_error=0.000107 top10_overlap=0.878400 pairwise_flip_rate_top10=0.003148 payload_bytes_read=NaN avg_bits_read=NaN refine_calls=0 paper_checked=672.395889 paper_would_prune=473.762556 paper_msb_kernel_calls=687.395889 paper_remaining_kernel_calls=214.633333 ffi_calls_per_query=50.188000 status=done
17 0.886133 448.064865 us search_list_size=17 efSearch=17 search_beam_width=1 total_us_per_query=448.064865 qps=2105.318822 p95_us=585.979000 visited_nodes=710.863222 distance_computations=222.468889 mean_relative_error=0.000446 p95_relative_error=0.001176 mean_absolute_error=0.000107 top10_overlap=0.886133 pairwise_flip_rate_top10=0.003160 payload_bytes_read=NaN avg_bits_read=NaN refine_calls=0 paper_checked=693.863222 paper_would_prune=488.394333 paper_msb_kernel_calls=709.863222 paper_remaining_kernel_calls=222.468889 ffi_calls_per_query=51.874444 status=done
18 0.892978 461.200430 us search_list_size=18 efSearch=18 search_beam_width=1 total_us_per_query=461.200430 qps=2046.752325 p95_us=598.939000 visited_nodes=733.037667 distance_computations=230.026556 mean_relative_error=0.000446 p95_relative_error=0.001176 mean_absolute_error=0.000107 top10_overlap=0.892978 pairwise_flip_rate_top10=0.003170 payload_bytes_read=NaN avg_bits_read=NaN refine_calls=0 paper_checked=715.037667 paper_would_prune=503.011111 paper_msb_kernel_calls=732.037667 paper_remaining_kernel_calls=230.026556 ffi_calls_per_query=53.528444 status=done
19 0.898678 472.026792 us search_list_size=19 efSearch=19 search_beam_width=1 total_us_per_query=472.026792 qps=1993.362643 p95_us=611.046000 visited_nodes=754.366000 distance_computations=237.350667 mean_relative_error=0.000446 p95_relative_error=0.001176 mean_absolute_error=0.000107 top10_overlap=0.898678 pairwise_flip_rate_top10=0.003193 payload_bytes_read=NaN avg_bits_read=NaN refine_calls=0 paper_checked=735.366000 paper_would_prune=517.015333 paper_msb_kernel_calls=753.366000 paper_remaining_kernel_calls=237.350667 ffi_calls_per_query=55.160444 status=done
20 0.904022 485.629845 us search_list_size=20 efSearch=20 search_beam_width=1 total_us_per_query=485.629845 qps=1943.147772 p95_us=629.474000 visited_nodes=775.984111 distance_computations=244.576778 mean_relative_error=0.000447 p95_relative_error=0.001177 mean_absolute_error=0.000107 top10_overlap=0.904022 pairwise_flip_rate_top10=0.003173 payload_bytes_read=NaN avg_bits_read=NaN refine_calls=0 paper_checked=755.984111 paper_would_prune=531.407333 paper_msb_kernel_calls=774.984111 paper_remaining_kernel_calls=244.576778 ffi_calls_per_query=56.825111 status=done
21 0.908811 494.362136 us search_list_size=21 efSearch=21 search_beam_width=1 total_us_per_query=494.362136 qps=1918.227165 p95_us=637.673000 visited_nodes=797.268556 distance_computations=251.620889 mean_relative_error=0.000447 p95_relative_error=0.001177 mean_absolute_error=0.000107 top10_overlap=0.908811 pairwise_flip_rate_top10=0.003170 payload_bytes_read=NaN avg_bits_read=NaN refine_calls=0 paper_checked=776.268556 paper_would_prune=545.647667 paper_msb_kernel_calls=796.268556 paper_remaining_kernel_calls=251.620889 ffi_calls_per_query=58.460556 status=done
22 0.913122 506.260289 us search_list_size=22 efSearch=22 search_beam_width=1 total_us_per_query=506.260289 qps=1869.780426 p95_us=653.515000 visited_nodes=818.409333 distance_computations=258.412444 mean_relative_error=0.000447 p95_relative_error=0.001177 mean_absolute_error=0.000107 top10_overlap=0.913122 pairwise_flip_rate_top10=0.003183 payload_bytes_read=NaN avg_bits_read=NaN refine_calls=0 paper_checked=796.409333 paper_would_prune=559.996889 paper_msb_kernel_calls=817.409333 paper_remaining_kernel_calls=258.412444 ffi_calls_per_query=60.091889 status=done
23 0.916767 520.639485 us search_list_size=23 efSearch=23 search_beam_width=1 total_us_per_query=520.639485 qps=1824.663690 p95_us=667.313000 visited_nodes=839.461111 distance_computations=264.974667 mean_relative_error=0.000447 p95_relative_error=0.001178 mean_absolute_error=0.000107 top10_overlap=0.916767 pairwise_flip_rate_top10=0.003163 payload_bytes_read=NaN avg_bits_read=NaN refine_calls=0 paper_checked=816.461111 paper_would_prune=574.486444 paper_msb_kernel_calls=838.461111 paper_remaining_kernel_calls=264.974667 ffi_calls_per_query=61.735556 status=done
24 0.920444 532.189764 us search_list_size=24 efSearch=24 search_beam_width=1 total_us_per_query=532.189764 qps=1791.341113 p95_us=681.307000 visited_nodes=860.620333 distance_computations=271.376111 mean_relative_error=0.000447 p95_relative_error=0.001178 mean_absolute_error=0.000107 top10_overlap=0.920444 pairwise_flip_rate_top10=0.003185 payload_bytes_read=NaN avg_bits_read=NaN refine_calls=0 paper_checked=836.620333 paper_would_prune=589.244222 paper_msb_kernel_calls=859.620333 paper_remaining_kernel_calls=271.376111 ffi_calls_per_query=63.376333 status=done
25 0.923889 543.835261 us search_list_size=25 efSearch=25 search_beam_width=1 total_us_per_query=543.835261 qps=1747.620969 p95_us=693.900000 visited_nodes=881.310778 distance_computations=277.667222 mean_relative_error=0.000448 p95_relative_error=0.001178 mean_absolute_error=0.000107 top10_overlap=0.923889 pairwise_flip_rate_top10=0.003183 payload_bytes_read=NaN avg_bits_read=NaN refine_calls=0 paper_checked=856.310778 paper_would_prune=603.643556 paper_msb_kernel_calls=880.310778 paper_remaining_kernel_calls=277.667222 ffi_calls_per_query=65.019111 status=done
26 0.927444 556.208899 us search_list_size=26 efSearch=26 search_beam_width=1 total_us_per_query=556.208899 qps=1703.851747 p95_us=707.626000 visited_nodes=902.179667 distance_computations=283.775778 mean_relative_error=0.000448 p95_relative_error=0.001179 mean_absolute_error=0.000107 top10_overlap=0.927444 pairwise_flip_rate_top10=0.003178 payload_bytes_read=NaN avg_bits_read=NaN refine_calls=0 paper_checked=876.179667 paper_would_prune=618.403889 paper_msb_kernel_calls=901.179667 paper_remaining_kernel_calls=283.775778 ffi_calls_per_query=66.664667 status=done
27 0.930156 569.224851 us search_list_size=27 efSearch=27 search_beam_width=1 total_us_per_query=569.224851 qps=1669.492542 p95_us=723.029000 visited_nodes=922.555111 distance_computations=289.802000 mean_relative_error=0.000448 p95_relative_error=0.001179 mean_absolute_error=0.000107 top10_overlap=0.930156 pairwise_flip_rate_top10=0.003185 payload_bytes_read=NaN avg_bits_read=NaN refine_calls=0 paper_checked=895.555111 paper_would_prune=632.753111 paper_msb_kernel_calls=921.555111 paper_remaining_kernel_calls=289.802000 ffi_calls_per_query=68.292000 status=done
28 0.932644 581.495512 us search_list_size=28 efSearch=28 search_beam_width=1 total_us_per_query=581.495512 qps=1637.966588 p95_us=737.783000 visited_nodes=942.888667 distance_computations=295.711222 mean_relative_error=0.000448 p95_relative_error=0.001179 mean_absolute_error=0.000107 top10_overlap=0.932644 pairwise_flip_rate_top10=0.003198 payload_bytes_read=NaN avg_bits_read=NaN refine_calls=0 paper_checked=914.888667 paper_would_prune=647.177444 paper_msb_kernel_calls=941.888667 paper_remaining_kernel_calls=295.711222 ffi_calls_per_query=69.919222 status=done
29 0.935167 594.185463 us search_list_size=29 efSearch=29 search_beam_width=1 total_us_per_query=594.185463 qps=1613.430078 p95_us=752.627000 visited_nodes=963.225111 distance_computations=301.514222 mean_relative_error=0.000448 p95_relative_error=0.001180 mean_absolute_error=0.000107 top10_overlap=0.935167 pairwise_flip_rate_top10=0.003195 payload_bytes_read=NaN avg_bits_read=NaN refine_calls=0 paper_checked=934.225111 paper_would_prune=661.710889 paper_msb_kernel_calls=962.225111 paper_remaining_kernel_calls=301.514222 ffi_calls_per_query=71.547444 status=done
30 0.937967 605.654131 us search_list_size=30 efSearch=30 search_beam_width=1 total_us_per_query=605.654131 qps=1573.329754 p95_us=765.171000 visited_nodes=983.627778 distance_computations=307.231444 mean_relative_error=0.000449 p95_relative_error=0.001180 mean_absolute_error=0.000107 top10_overlap=0.937967 pairwise_flip_rate_top10=0.003200 payload_bytes_read=NaN avg_bits_read=NaN refine_calls=0 paper_checked=953.627778 paper_would_prune=676.396333 paper_msb_kernel_calls=982.627778 paper_remaining_kernel_calls=307.231444 ffi_calls_per_query=73.183000 status=done
40 0.954311 744.554223 us search_list_size=40 efSearch=40 search_beam_width=1 total_us_per_query=744.554223 qps=1292.058051 p95_us=922.457000 visited_nodes=1181.978778 distance_computations=360.265667 mean_relative_error=0.000450 p95_relative_error=0.001181 mean_absolute_error=0.000107 top10_overlap=0.954311 pairwise_flip_rate_top10=0.003165 payload_bytes_read=NaN avg_bits_read=NaN refine_calls=0 paper_checked=1141.978778 paper_would_prune=821.713111 paper_msb_kernel_calls=1180.978778 paper_remaining_kernel_calls=360.265667 ffi_calls_per_query=89.486444 status=done
50 0.963978 858.531167 us search_list_size=50 efSearch=50 search_beam_width=1 total_us_per_query=858.531167 qps=1122.117379 p95_us=1051.238000 visited_nodes=1374.263778 distance_computations=408.033667 mean_relative_error=0.000450 p95_relative_error=0.001181 mean_absolute_error=0.000107 top10_overlap=0.963978 pairwise_flip_rate_top10=0.003188 payload_bytes_read=NaN avg_bits_read=NaN refine_calls=0 paper_checked=1324.263778 paper_would_prune=966.230111 paper_msb_kernel_calls=1373.263778 paper_remaining_kernel_calls=408.033667 ffi_calls_per_query=105.843333 status=done
60 0.971022 970.667391 us search_list_size=60 efSearch=60 search_beam_width=1 total_us_per_query=970.667391 qps=999.462261 p95_us=1184.190000 visited_nodes=1561.776556 distance_computations=452.141222 mean_relative_error=0.000450 p95_relative_error=0.001181 mean_absolute_error=0.000107 top10_overlap=0.971022 pairwise_flip_rate_top10=0.003180 payload_bytes_read=NaN avg_bits_read=NaN refine_calls=0 paper_checked=1501.776556 paper_would_prune=1109.635333 paper_msb_kernel_calls=1560.776556 paper_remaining_kernel_calls=452.141222 ffi_calls_per_query=122.170556 status=done
70 0.975556 1081.062923 us search_list_size=70 efSearch=70 search_beam_width=1 total_us_per_query=1081.062923 qps=900.614316 p95_us=1312.016000 visited_nodes=1743.678778 distance_computations=493.567778 mean_relative_error=0.000450 p95_relative_error=0.001182 mean_absolute_error=0.000107 top10_overlap=0.975556 pairwise_flip_rate_top10=0.003163 payload_bytes_read=NaN avg_bits_read=NaN refine_calls=0 paper_checked=1673.678778 paper_would_prune=1250.111000 paper_msb_kernel_calls=1742.678778 paper_remaining_kernel_calls=493.567778 ffi_calls_per_query=138.393222 status=done
80 0.978444 1188.620797 us search_list_size=80 efSearch=80 search_beam_width=1 total_us_per_query=1188.620797 qps=819.070325 p95_us=1438.903000 visited_nodes=1922.990222 distance_computations=533.381222 mean_relative_error=0.000450 p95_relative_error=0.001182 mean_absolute_error=0.000107 top10_overlap=0.978444 pairwise_flip_rate_top10=0.003193 payload_bytes_read=NaN avg_bits_read=NaN refine_calls=0 paper_checked=1842.990222 paper_would_prune=1389.609000 paper_msb_kernel_calls=1921.990222 paper_remaining_kernel_calls=533.381222 ffi_calls_per_query=154.695444 status=done
90 0.980956 1297.257351 us search_list_size=90 efSearch=90 search_beam_width=1 total_us_per_query=1297.257351 qps=752.438622 p95_us=1567.274000 visited_nodes=2098.878667 distance_computations=571.820000 mean_relative_error=0.000450 p95_relative_error=0.001182 mean_absolute_error=0.000107 top10_overlap=0.980956 pairwise_flip_rate_top10=0.003205 payload_bytes_read=NaN avg_bits_read=NaN refine_calls=0 paper_checked=2008.878667 paper_would_prune=1527.058667 paper_msb_kernel_calls=2097.878667 paper_remaining_kernel_calls=571.820000 ffi_calls_per_query=170.984222 status=done
100 0.982778 1402.739948 us search_list_size=100 efSearch=100 search_beam_width=1 total_us_per_query=1402.739948 qps=697.931464 p95_us=1690.869000 visited_nodes=2270.576778 distance_computations=609.154111 mean_relative_error=0.000450 p95_relative_error=0.001182 mean_absolute_error=0.000107 top10_overlap=0.982778 pairwise_flip_rate_top10=0.003210 payload_bytes_read=NaN avg_bits_read=NaN refine_calls=0 paper_checked=2170.576778 paper_would_prune=1661.422667 paper_msb_kernel_calls=2269.576778 paper_remaining_kernel_calls=609.154111 ffi_calls_per_query=187.167778 status=done
140 0.987744 1724.652320 us search_list_size=140 efSearch=140 search_beam_width=1 total_us_per_query=1724.652320 qps=569.229785 p95_us=2104.600000 visited_nodes=2936.261444 distance_computations=751.917889 mean_relative_error=0.000450 p95_relative_error=0.001182 mean_absolute_error=0.000107 top10_overlap=0.987744 pairwise_flip_rate_top10=0.003188 payload_bytes_read=NaN avg_bits_read=NaN refine_calls=0 paper_checked=2796.261444 paper_would_prune=2184.343556 paper_msb_kernel_calls=2935.261444 paper_remaining_kernel_calls=751.917889 ffi_calls_per_query=251.820889 status=done
180 0.989989 2039.677839 us search_list_size=180 efSearch=180 search_beam_width=1 total_us_per_query=2039.677839 qps=484.415028 p95_us=2511.223000 visited_nodes=3570.215333 distance_computations=887.651444 mean_relative_error=0.000451 p95_relative_error=0.001182 mean_absolute_error=0.000107 top10_overlap=0.989989 pairwise_flip_rate_top10=0.003173 payload_bytes_read=NaN avg_bits_read=NaN refine_calls=0 paper_checked=3390.215333 paper_would_prune=2682.563889 paper_msb_kernel_calls=3569.215333 paper_remaining_kernel_calls=887.651444 ffi_calls_per_query=316.066444 status=done
220 0.991333 2347.130535 us search_list_size=220 efSearch=220 search_beam_width=1 total_us_per_query=2347.130535 qps=421.743257 p95_us=2919.331000 visited_nodes=4180.359556 distance_computations=1019.319556 mean_relative_error=0.000451 p95_relative_error=0.001182 mean_absolute_error=0.000107 top10_overlap=0.991333 pairwise_flip_rate_top10=0.003163 payload_bytes_read=NaN avg_bits_read=NaN refine_calls=0 paper_checked=3960.359556 paper_would_prune=3161.040000 paper_msb_kernel_calls=4179.359556 paper_remaining_kernel_calls=1019.319556 ffi_calls_per_query=379.910444 status=done
260 0.992178 2676.567420 us search_list_size=260 efSearch=260 search_beam_width=1 total_us_per_query=2676.567420 qps=370.297008 p95_us=3364.841000 visited_nodes=4771.178444 distance_computations=1148.272778 mean_relative_error=0.000451 p95_relative_error=0.001183 mean_absolute_error=0.000107 top10_overlap=0.992178 pairwise_flip_rate_top10=0.003160 payload_bytes_read=NaN avg_bits_read=NaN refine_calls=0 paper_checked=4511.178444 paper_would_prune=3622.905667 paper_msb_kernel_calls=4770.178444 paper_remaining_kernel_calls=1148.272778 ffi_calls_per_query=443.423111 status=done
300 0.992711 2950.872983 us search_list_size=300 efSearch=300 search_beam_width=1 total_us_per_query=2950.872983 qps=336.151020 p95_us=3731.352000 visited_nodes=5346.940222 distance_computations=1275.093333 mean_relative_error=0.000451 p95_relative_error=0.001183 mean_absolute_error=0.000107 top10_overlap=0.992711 pairwise_flip_rate_top10=0.003158 payload_bytes_read=NaN avg_bits_read=NaN refine_calls=0 paper_checked=5046.940222 paper_would_prune=4071.846889 paper_msb_kernel_calls=5345.940222 paper_remaining_kernel_calls=1275.093333 ffi_calls_per_query=506.720111 status=done
340 0.993200 3256.307386 us search_list_size=340 efSearch=340 search_beam_width=1 total_us_per_query=3256.307386 qps=304.761407 p95_us=4145.971000 visited_nodes=5909.431222 distance_computations=1400.183333 mean_relative_error=0.000451 p95_relative_error=0.001183 mean_absolute_error=0.000107 top10_overlap=0.993200 pairwise_flip_rate_top10=0.003156 payload_bytes_read=NaN avg_bits_read=NaN refine_calls=0 paper_checked=5569.431222 paper_would_prune=4509.247889 paper_msb_kernel_calls=5908.431222 paper_remaining_kernel_calls=1400.183333 ffi_calls_per_query=569.876111 status=done
380 0.993767 3537.579558 us search_list_size=380 efSearch=380 search_beam_width=1 total_us_per_query=3537.579558 qps=280.778007 p95_us=4520.610000 visited_nodes=6461.207000 distance_computations=1524.014333 mean_relative_error=0.000451 p95_relative_error=0.001183 mean_absolute_error=0.000107 top10_overlap=0.993767 pairwise_flip_rate_top10=0.003156 payload_bytes_read=NaN avg_bits_read=NaN refine_calls=0 paper_checked=6081.207000 paper_would_prune=4937.192667 paper_msb_kernel_calls=6460.207000 paper_remaining_kernel_calls=1524.014333 ffi_calls_per_query=632.947333 status=done
420 0.994089 3821.069947 us search_list_size=420 efSearch=420 search_beam_width=1 total_us_per_query=3821.069947 qps=260.059776 p95_us=4894.843000 visited_nodes=7002.370667 distance_computations=1646.576000 mean_relative_error=0.000451 p95_relative_error=0.001183 mean_absolute_error=0.000107 top10_overlap=0.994089 pairwise_flip_rate_top10=0.003158 payload_bytes_read=NaN avg_bits_read=NaN refine_calls=0 paper_checked=6582.370667 paper_would_prune=5355.794667 paper_msb_kernel_calls=7001.370667 paper_remaining_kernel_calls=1646.576000 ffi_calls_per_query=695.828111 status=done
460 0.994378 4121.286609 us search_list_size=460 efSearch=460 search_beam_width=1 total_us_per_query=4121.286609 qps=241.216999 p95_us=5292.739000 visited_nodes=7534.066778 distance_computations=1768.342111 mean_relative_error=0.000451 p95_relative_error=0.001183 mean_absolute_error=0.000107 top10_overlap=0.994378 pairwise_flip_rate_top10=0.003158 payload_bytes_read=NaN avg_bits_read=NaN refine_calls=0 paper_checked=7074.066778 paper_would_prune=5765.724667 paper_msb_kernel_calls=7533.066778 paper_remaining_kernel_calls=1768.342111 ffi_calls_per_query=758.578444 status=done
